// Jest Snapshot v1, https://goo.gl/fbAQLP

exports[`Select Component should take a snapshot 1`] = `
<DocumentFragment>
  <div
    class="css-1hut3bj"
  >
    <div
      class="checkbox-container"
    >
      <div
        class="css-1gukpp1"
      >
        <input
          id="switch"
          type="checkbox"
        />
        <label
          for="switch"
        >
          Toggle
        </label>
      </div>
    </div>
    <div
      class="select-wrapper"
    >
      <div
        style="margin-left: 50px;"
      >
        <div
          class="css-1xgtw9x"
          data-testid="select-wrapper"
        >
          <div
            class="css-1o1zsc3"
            data-testid="select-button"
            role="button"
            tabindex="0"
          >
            <span
              data-testid="selected-text"
            >
              Hopper
            </span>
            <img
              alt="arrow"
              src="chevron-down.svg"
            />
          </div>
          <div
            class="css-1vznqvx"
          >
            <ul
              class="css-4ozq6o"
              role="listbox"
            >
              <li
                aria-disabled="false"
                aria-selected="true"
                class="css-1c5s3vb"
                data-testid="hopper"
                data-value="hopper"
                role="option"
                tabindex="0"
              >
                <img
                  alt="check"
                  src="check-light.svg"
                />
                <span>
                  Hopper
                </span>
              </li>
              <li
                aria-disabled="false"
                aria-selected="false"
                class="css-729xd7"
                data-testid="holberton"
                data-value="holberton"
                role="option"
                tabindex="-1"
              >
                <img
                  alt="check"
                  src="check-light.svg"
                />
                <span>
                  Holberton
                </span>
              </li>
              <li
                aria-disabled="false"
                aria-selected="false"
                class="css-729xd7"
                data-testid="antonelli"
                data-value="antonelli"
                role="option"
                tabindex="-1"
              >
                <img
                  alt="check"
                  src="check-light.svg"
                />
                <span>
                  Antonelli
                </span>
              </li>
              <li
                aria-disabled="false"
                aria-selected="false"
                class="css-729xd7"
                data-testid="bartik"
                data-value="bartik"
                role="option"
                tabindex="-1"
              >
                <img
                  alt="check"
                  src="check-light.svg"
                />
                <span>
                  Bartik
                </span>
              </li>
              <li
                aria-disabled="false"
                aria-selected="false"
                class="css-729xd7"
                data-testid="teitelbaum"
                data-value="teitelbaum"
                role="option"
                tabindex="-1"
              >
                <img
                  alt="check"
                  src="check-light.svg"
                />
                <span>
                  Teitelbaum
                </span>
              </li>
            </ul>
          </div>
        </div>
      </div>
    </div>
  </div>
</DocumentFragment>
`;
