// Jest Snapshot v1, https://goo.gl/fbAQLP

exports[`should take a snapshot 1`] = `
<DocumentFragment>
  <div
    class=""
  >
    <div>
      <div
        class="css-1hnyd0r"
        data-testid="select-wrapper"
      >
        <div
          class="css-fdvb0z"
          data-testid="select-button"
          role="button"
          tabindex="0"
        >
          <span
            data-testid="selected-text"
          >
            Select an Item
          </span>
          <img
            alt="arrow"
            src="chevron-down.svg"
          />
        </div>
        <div
          class="css-1vznqvx"
        >
          <ul
            class="css-5ubqti"
            role="listbox"
          >
            <li
              aria-disabled="false"
              aria-selected="false"
              class="css-k4di0t"
              data-testid="hopper"
              data-value="hopper"
              role="option"
              tabindex="-1"
            >
              <img
                alt="check"
                src="check-light.svg"
              />
              <span>
                Hopper
              </span>
            </li>
            <li
              aria-disabled="false"
              aria-selected="false"
              class="css-k4di0t"
              data-testid="holberton"
              data-value="holberton"
              role="option"
              tabindex="-1"
            >
              <img
                alt="check"
                src="check-light.svg"
              />
              <span>
                Holberton
              </span>
            </li>
            <div
              class="css-1trqa8a"
            />
            <li
              aria-disabled="false"
              aria-selected="false"
              class="css-k4di0t"
              data-testid="antonelli"
              data-value="antonelli"
              role="option"
              tabindex="-1"
            >
              <img
                alt="check"
                src="check-light.svg"
              />
              <span>
                Antonelli
              </span>
            </li>
            <li
              aria-disabled="false"
              aria-selected="false"
              class="css-k4di0t"
              data-testid="bartik"
              data-value="bartik"
              role="option"
              tabindex="-1"
            >
              <img
                alt="check"
                src="check-light.svg"
              />
              <span>
                Bartik
              </span>
            </li>
            <li
              aria-disabled="false"
              aria-selected="false"
              class="css-k4di0t"
              data-testid="teitelbaum"
              data-value="teitelbaum"
              role="option"
              tabindex="-1"
            >
              <img
                alt="check"
                src="check-light.svg"
              />
              <span>
                Teitelbaum
              </span>
            </li>
          </ul>
        </div>
      </div>
    </div>
  </div>
</DocumentFragment>
`;
